[owasp.org/index.html]
[backblue.gif]
[fade.gif]
[index.html]
[owasp.org/www--site-theme/favicon.ico]
[owasp.org/cdn-cgi/apps/head/QYMcuzl7EEkHj4wXQRswO8EpDEg.js]
[owasp.org/www--site-theme/assets/js/js.cookie.js]
[owasp.org/www--site-theme/assets/css/styles.css]
[owasp.org/www--site-theme/assets/js/jquery-3.4.1.min.js]
[owasp.org/www--site-theme/assets/js/util.js]
[owasp.org/www--site-theme/assets/js/yaml.min.js]
[owasp.org/www--site-theme/assets/js/luxon.min.js]
[owasp.org/assets/images/logo.png]
[owasp.org/donate/index8492.html]
[owasp.org/www--site-theme/assets/sitedata/menus.json]
[owasp.org/membership/index.html]
[owasp.org/assets/images/content/ams-preso-new.jpg]
[owasp.org/assets/images/content/featured_project.jpg]
[owasp.org/donate/index.html]
[owasp.org/supporters/index.html]
[owasp.org/mstg/index.html]
[owasp.org/assets/images/content/bay-area2.jpg]
[owasp.org/mstg.html]
[owasp.org/assets/images/people/leader_bjoern.jpg]
[owasp.org/2020/08/01/blackhat-2020-projects.html]
[owasp.org/2020/07/31/elections-and-members.html]
[owasp.org/2020/07/23/policy-review.html]
[owasp.org/2020/06/29/announcing-andrew-executive-director.html]
[owasp.org/2020/06/08/AppSecDaysSoS.html]
[owasp.org/assets/sitedata/corp_members.yml]
[owasp.org/www-policy/operational/privacy.html]
[owasp.org/events/index.html]
[owasp.org/chapters/index.html]
[owasp.org/projects/index.html]
[owasp.org/index.html]
[owasp.org/sitemap/index.html]
[owasp.org/www--site-theme/assets/css/styles.css]
[owasp.org/donate/index8492.html]
[owasp.org/membership/index.html]
[owasp.org/donate/index.html]
[owasp.org/supporters/index.html]
[owasp.org/mstg/index.html]
[owasp.org/mstg.html]
[owasp.org/2020/08/01/blackhat-2020-projects.html]
[owasp.org/2020/07/31/elections-and-members.html]
[owasp.org/2020/07/23/policy-review.html]
[owasp.org/2020/06/29/announcing-andrew-executive-director.html]
[owasp.org/2020/06/08/AppSecDaysSoS.html]
[owasp.org/projects/index.html]
[owasp.org/chapters/index.html]
[owasp.org/events/index.html]
[owasp.org/www-policy/operational/general-disclaimer.html]
[owasp.org/contact/index.html]
[owasp.org/about/index.html]
[owasp.org/about/index.html]
[owasp.org/www-policy/operational/privacy.html]
[owasp.org/sitemap/index.html]
[owasp.org/contact/index.html]
[owasp.org/www-policy/operational/general-disclaimer.html]
